// Jest Snapshot v1, https://goo.gl/fbAQLP

exports[`QuestionThree renders 1`] = `
Object {
  "asFragment": [Function],
  "baseElement": <body>
    <div>
      <div
        class="three__container"
      >
        <nav
          class="three__sideBar"
        >
          <div>
            <div
              class="three__sideBarIcon"
            >
               
            </div>
            <div
              class="three__sideBarIcon"
            >
               
            </div>
            <div
              class="three__sideBarIcon"
            >
               
            </div>
            <div
              class="three__sideBarIcon"
            >
               
            </div>
          </div>
          <div
            class="three__sideBarIcon"
          >
             
          </div>
        </nav>
        <div
          class="three__content"
        >
          <header
            class="three__header"
          >
            <div
              class="headerComponent"
            >
              Header
            </div>
          </header>
          <main
            class="three__columns"
          >
            <div
              class="three__leftColumn"
            />
            <div
              class="three__rightColumn"
            >
              <div
                class="placeholderBox"
              >
                 
              </div>
              <div
                class="placeholderBox"
              >
                 
              </div>
              <div
                class="placeholderBox"
              >
                 
              </div>
              <div
                class="placeholderBox"
              >
                 
              </div>
              <div
                class="placeholderBox"
              >
                 
              </div>
              <div
                class="placeholderBox"
              >
                 
              </div>
              <div
                class="placeholderBox"
              >
                 
              </div>
              <div
                class="placeholderBox"
              >
                 
              </div>
              <div
                class="placeholderBox"
              >
                 
              </div>
              <div
                class="placeholderBox"
              >
                 
              </div>
              <div
                class="placeholderBox"
              >
                 
              </div>
              <div
                class="placeholderBox"
              >
                 
              </div>
            </div>
          </main>
        </div>
      </div>
    </div>
  </body>,
  "container": <div>
    <div
      class="three__container"
    >
      <nav
        class="three__sideBar"
      >
        <div>
          <div
            class="three__sideBarIcon"
          >
             
          </div>
          <div
            class="three__sideBarIcon"
          >
             
          </div>
          <div
            class="three__sideBarIcon"
          >
             
          </div>
          <div
            class="three__sideBarIcon"
          >
             
          </div>
        </div>
        <div
          class="three__sideBarIcon"
        >
           
        </div>
      </nav>
      <div
        class="three__content"
      >
        <header
          class="three__header"
        >
          <div
            class="headerComponent"
          >
            Header
          </div>
        </header>
        <main
          class="three__columns"
        >
          <div
            class="three__leftColumn"
          />
          <div
            class="three__rightColumn"
          >
            <div
              class="placeholderBox"
            >
               
            </div>
            <div
              class="placeholderBox"
            >
               
            </div>
            <div
              class="placeholderBox"
            >
               
            </div>
            <div
              class="placeholderBox"
            >
               
            </div>
            <div
              class="placeholderBox"
            >
               
            </div>
            <div
              class="placeholderBox"
            >
               
            </div>
            <div
              class="placeholderBox"
            >
               
            </div>
            <div
              class="placeholderBox"
            >
               
            </div>
            <div
              class="placeholderBox"
            >
               
            </div>
            <div
              class="placeholderBox"
            >
               
            </div>
            <div
              class="placeholderBox"
            >
               
            </div>
            <div
              class="placeholderBox"
            >
               
            </div>
          </div>
        </main>
      </div>
    </div>
  </div>,
  "debug": [Function],
  "findAllByAltText": [Function],
  "findAllByDisplayValue": [Function],
  "findAllByLabelText": [Function],
  "findAllByPlaceholderText": [Function],
  "findAllByRole": [Function],
  "findAllByTestId": [Function],
  "findAllByText": [Function],
  "findAllByTitle": [Function],
  "findByAltText": [Function],
  "findByDisplayValue": [Function],
  "findByLabelText": [Function],
  "findByPlaceholderText": [Function],
  "findByRole": [Function],
  "findByTestId": [Function],
  "findByText": [Function],
  "findByTitle": [Function],
  "getAllByAltText": [Function],
  "getAllByDisplayValue": [Function],
  "getAllByLabelText": [Function],
  "getAllByPlaceholderText": [Function],
  "getAllByRole": [Function],
  "getAllByTestId": [Function],
  "getAllByText": [Function],
  "getAllByTitle": [Function],
  "getByAltText": [Function],
  "getByDisplayValue": [Function],
  "getByLabelText": [Function],
  "getByPlaceholderText": [Function],
  "getByRole": [Function],
  "getByTestId": [Function],
  "getByText": [Function],
  "getByTitle": [Function],
  "queryAllByAltText": [Function],
  "queryAllByDisplayValue": [Function],
  "queryAllByLabelText": [Function],
  "queryAllByPlaceholderText": [Function],
  "queryAllByRole": [Function],
  "queryAllByTestId": [Function],
  "queryAllByText": [Function],
  "queryAllByTitle": [Function],
  "queryByAltText": [Function],
  "queryByDisplayValue": [Function],
  "queryByLabelText": [Function],
  "queryByPlaceholderText": [Function],
  "queryByRole": [Function],
  "queryByTestId": [Function],
  "queryByText": [Function],
  "queryByTitle": [Function],
  "rerender": [Function],
  "unmount": [Function],
}
`;
