// Jest Snapshot v1, https://goo.gl/fbAQLP

exports[`Swimlane renders 1`] = `
Object {
  "asFragment": [Function],
  "baseElement": <body>
    <div>
      <div
        class="swimlane__container"
      >
        <div
          class="swimlane__lane"
        >
          <div
            class="swimlane__title"
          >
            Sam Seaborn
          </div>
          <div
            class="swimlane__detail"
          >
            <div
              class="swimlane__card cardContent"
              style="background-color: palegreen; color: darkgreen; left: 37.5%; width: 16.666666666666668%;"
            >
              Shield some wiring
            </div>
          </div>
        </div>
        <div
          class="swimlane__lane"
        >
          <div
            class="swimlane__title"
          >
            Donna Moss
          </div>
          <div
            class="swimlane__detail"
          >
            <div
              class="swimlane__card cardContent"
              style="background-color: lightsalmon; color: darkred; left: 51.041666666666664%; width: 3.8194444444444446%;"
            >
              Meal Break
            </div>
          </div>
        </div>
        <div
          class="swimlane__lane"
        >
          <div
            class="swimlane__title"
          >
            Toby Ziegler
          </div>
          <div
            class="swimlane__detail"
          >
            <div
              class="swimlane__card "
              style="left: 51.041666666666664%; width: 3.8194444444444446%;"
            >
              Meal Break
            </div>
          </div>
        </div>
      </div>
    </div>
  </body>,
  "container": <div>
    <div
      class="swimlane__container"
    >
      <div
        class="swimlane__lane"
      >
        <div
          class="swimlane__title"
        >
          Sam Seaborn
        </div>
        <div
          class="swimlane__detail"
        >
          <div
            class="swimlane__card cardContent"
            style="background-color: palegreen; color: darkgreen; left: 37.5%; width: 16.666666666666668%;"
          >
            Shield some wiring
          </div>
        </div>
      </div>
      <div
        class="swimlane__lane"
      >
        <div
          class="swimlane__title"
        >
          Donna Moss
        </div>
        <div
          class="swimlane__detail"
        >
          <div
            class="swimlane__card cardContent"
            style="background-color: lightsalmon; color: darkred; left: 51.041666666666664%; width: 3.8194444444444446%;"
          >
            Meal Break
          </div>
        </div>
      </div>
      <div
        class="swimlane__lane"
      >
        <div
          class="swimlane__title"
        >
          Toby Ziegler
        </div>
        <div
          class="swimlane__detail"
        >
          <div
            class="swimlane__card "
            style="left: 51.041666666666664%; width: 3.8194444444444446%;"
          >
            Meal Break
          </div>
        </div>
      </div>
    </div>
  </div>,
  "debug": [Function],
  "findAllByAltText": [Function],
  "findAllByDisplayValue": [Function],
  "findAllByLabelText": [Function],
  "findAllByPlaceholderText": [Function],
  "findAllByRole": [Function],
  "findAllByTestId": [Function],
  "findAllByText": [Function],
  "findAllByTitle": [Function],
  "findByAltText": [Function],
  "findByDisplayValue": [Function],
  "findByLabelText": [Function],
  "findByPlaceholderText": [Function],
  "findByRole": [Function],
  "findByTestId": [Function],
  "findByText": [Function],
  "findByTitle": [Function],
  "getAllByAltText": [Function],
  "getAllByDisplayValue": [Function],
  "getAllByLabelText": [Function],
  "getAllByPlaceholderText": [Function],
  "getAllByRole": [Function],
  "getAllByTestId": [Function],
  "getAllByText": [Function],
  "getAllByTitle": [Function],
  "getByAltText": [Function],
  "getByDisplayValue": [Function],
  "getByLabelText": [Function],
  "getByPlaceholderText": [Function],
  "getByRole": [Function],
  "getByTestId": [Function],
  "getByText": [Function],
  "getByTitle": [Function],
  "queryAllByAltText": [Function],
  "queryAllByDisplayValue": [Function],
  "queryAllByLabelText": [Function],
  "queryAllByPlaceholderText": [Function],
  "queryAllByRole": [Function],
  "queryAllByTestId": [Function],
  "queryAllByText": [Function],
  "queryAllByTitle": [Function],
  "queryByAltText": [Function],
  "queryByDisplayValue": [Function],
  "queryByLabelText": [Function],
  "queryByPlaceholderText": [Function],
  "queryByRole": [Function],
  "queryByTestId": [Function],
  "queryByText": [Function],
  "queryByTitle": [Function],
  "rerender": [Function],
  "unmount": [Function],
}
`;
